# What are you coming to the UK to do?

* work: Work or business
* study: Study
* tourism: Tourism

# Next node

* purpose_of_visit is 'work' => outcome_work
* purpose_of_visit is 'study' => outcome_study
* purpose_of_visit is 'tourism' => outcome_tourism
* work is 'yes' => outcome_work
* purpose_of_visit in {tourism}
  * work is 'no' => outcome_study
