# Same-sex marriage and civil partnership in %{country_name_lowercase_prefix}

Itâ€™s not possible to get legal recognition for a same-sex relationship in %{country_name_lowercase_prefix}.
