# %{ceremony_type} in Ireland


The General Register Office of Ireland's website explains what you need to do if you want to [get married in Ireland](http://www.groireland.ie/getting_married.htm).[^1]

The General Register Office of Ireland's website explains what you need to do if you want to [enter into a civil partnership in Ireland](http://www.groireland.ie/civil_partnership.htm).[^2]

[^1]: ["opposite_sex"].include?(sex_of_your_partner)
[^2]: (not ["opposite_sex"].include?(sex_of_your_partner))
