# %{ceremony_type} in Netherlands


Contact the relevant local authorities to find out about local marriage laws, including what documents youâ€™ll need.


