# Marriage in %{country_name_lowercase_prefix}

Access to the British Indian Ocean Territory is restricted, and it’s unlikely that marriage would be allowed there.[^1]

Contact the British Indian Ocean Territory Administration for further details.
+[data_partial:overseas_passports_embassies:overseas_passports_embassies][^1]
The British Virgin Islands is a British overseas territory.[^2][^3]

Contact the [Civil Registry](http://www.bvi.gov.vg/department/civil-registry-and-passport-office) to find out about getting married there, including what documents you’ll need.[^2][^3]

You should [get legal advice](/government/organisations/foreign-commonwealth-office/series/list-of-lawyers) before making any plans.[^2][^3]
%{country_name_uppercase_prefix} is a British overseas territory.[^4][^3]

Contact the %{ceremony_country_name} Government to find out about getting married there, including what documents you’ll need.
+[data_partial:overseas_passports_embassies:overseas_passports_embassies]
You should [get legal advice](/government/organisations/foreign-commonwealth-office/series/list-of-lawyers) before making any plans.[^4][^3]
You should also check the [travel advice for %{country_name_lowercase_prefix}](/foreign-travel-advice/%{ceremony_country}).[^5][^4][^3]
##Naturalisation of your partner if they move to the UK[^6][^4][^3]

Your partner can apply to [become a British citizen](/becoming-a-british-citizen/if-your-spouse-is-a-british-citizen) once they've lived in the UK for 3 years.[^6][^4][^3]

[^1]: ["british-indian-ocean-territory"].include?(ceremony_country)
[^2]: ["british-virgin-islands"].include?(ceremony_country)
[^3]: (not ["british-indian-ocean-territory"].include?(ceremony_country))
[^4]: (not ["british-virgin-islands"].include?(ceremony_country))
[^5]: (residency_country != ceremony_country)
[^6]: (not ["partner_british"].include?(partner_nationality))
