# Marriage in %{country_name_lowercase_prefix}


Contact the [Zimbabwean Embassy in the UK](http://www.zimlondon.gov.zw/index.php/contact-us) to find out about local marriage laws, including what documents you’ll need.[^1][^2]

^You should [get legal advice](/government/organisations/foreign-commonwealth-office/series/list-of-lawyers) and check the [travel advice for %{country_name_lowercase_prefix}](/foreign-travel-advice/%{ceremony_country}) before making any plans.^[^1][^2]
Contact the relevant local authorities to find out about local marriage laws, including what documents you’ll need.[^3][^4][^2]

You should [get legal advice](/government/organisations/foreign-commonwealth-office/series/list-of-lawyers) before making any plans.[^3][^4][^2]
Contact your nearest embassy or consulate of %{country_name_lowercase_prefix} before making any plans to find out about local marriage laws, including what documents you’ll need.[^5][^4][^2]

^You should [get legal advice](/government/organisations/foreign-commonwealth-office/series/list-of-lawyers) and check the [travel advice for %{country_name_lowercase_prefix}](/foreign-travel-advice/%{ceremony_country}) before making any plans.^[^5][^4][^2]
Contact the [High Commission of %{country_name_lowercase_prefix}](/government/publications/foreign-embassies-in-the-uk) to find out about local marriage laws, including what documents you’ll need.[^1][^6]

^You should [get legal advice](/government/organisations/foreign-commonwealth-office/series/list-of-lawyers) and check the [travel advice for %{country_name_lowercase_prefix}](/foreign-travel-advice/%{ceremony_country}) before making any plans.^[^1][^6]
Contact the relevant local authorities to find out about local marriage laws, including what documents you’ll need.[^3][^4][^6]

You should [get legal advice](/government/organisations/foreign-commonwealth-office/series/list-of-lawyers) before making any plans.[^3][^4][^6]
Contact your nearest embassy, high commission or consulate of %{country_name_lowercase_prefix} before making any plans to find out about local marriage laws, including what documents you’ll need.[^5][^4][^6]

^You should [get legal advice](/government/organisations/foreign-commonwealth-office/series/list-of-lawyers) and check the [travel advice for %{country_name_lowercase_prefix}](/foreign-travel-advice/%{ceremony_country}) before making any plans.^[^5][^4][^6]
The UK doesn’t issue certificates of no impediment (CNI) for marriages in Commonwealth countries. You’ll need to explain this if you’re asked to provide a CNI or a similar document to prove you’re allowed to marry.[^7]
The UK doesn’t issue certificates of no impediment (CNI) for marriages in Zimbabwe. You’ll need to explain this if you’re asked to provide a CNI or a similar document to prove you're allowed to marry.[^8]
%You’ll probably be asked for a CNI if you want to marry a South African citizen in South Africa. You’ll need to ask if there are any other documents the authorities will accept instead.%[^9]
The British High Commission in India can provide you with a letter explaining this position for a charge - see [consular fees for India](/government/publications/india-consular-fees).
+[data_partial:overseas_passports_embassies:overseas_passports_embassies]
The British High Commission in Malaysia can provide you with a letter explaining this position for a charge - see [consular fees for Malaysia](/government/publications/malaysia-consular-fees).
+[data_partial:overseas_passports_embassies:overseas_passports_embassies]
You’ll need to provide the following documents:

- a statutory declaration made at the local High Court or at the office of a notary public in the UK or Malaysia
- your original passport and your partner’s passport
- a divorce certificate (if you have been previously married)

^You must get married through an Islamic ceremony in Malaysia if you or your partner is a Muslim. Otherwise, you’ll need to have a civil marriage.^
However, you can swear an affidavit (written statement of facts) that you’re free to marry in front of a local [notary public or commissioner of oaths](http://www.conp.sg/co-np-directory-listing).
^You must get married through an Islamic ceremony in Brunei if you or your partner is a Muslim. Otherwise, you’ll need to have a civil marriage.^
###Other requirements for Cyprus[^10]

You must provide evidence that you’re allowed to marry if you’re resident in Cyprus but you’ve been there for less than 3 years. However, the [General Register Office](http://www.gro.gov.uk/gro/content/) (GRO) in the UK can only provide letters covering a specified 3-year period, not including the most recent 18 months.[^10]

You should [contact the municipality](http://www.ucm.org.cy/Account_List.aspx) in the area of Cyprus where you’d like to marry to check if they’ll accept this.[^10]
##Naturalisation of your partner if they move to the UK[^11]

Your partner can apply to [become a British citizen](/becoming-a-british-citizen/if-your-spouse-is-a-british-citizen) once they've lived in the UK for 3 years.[^11]

*[CNI]:certificate of no impediment
*[GRO]:General Register Office

[^1]: ["uk"].include?(resident_of)
[^2]: ["zimbabwe"].include?(ceremony_country)
[^3]: (residency_country == ceremony_country)
[^4]: (not ["uk"].include?(resident_of))
[^5]: (not (residency_country == ceremony_country))
[^6]: (not ["zimbabwe"].include?(ceremony_country))
[^7]: ["zimbabwe"].exclude?(ceremony_country)
[^8]: (not ["zimbabwe"].exclude?(ceremony_country))
[^9]: ["partner_local"].include?(partner_nationality)
[^10]: ["cyprus"].include?(residency_country)
[^11]: ["partner_british"].exclude?(partner_nationality)
