# Marriage in Indonesia


Make an appointment at the local British embassy or consulate in %{country_name_lowercase_prefix} to swear an affidavit (written statement of facts) that you’re free to marry. You’ll need to bring your passport and pay a fee.


