start_with: purpose_of_visit?
satisfies_need: 100982
meta_description: You may need a visa to come to the UK to visit, study or work.

# Check if you need a UK visa

You may need a visa to come to the UK to visit, study or work.
