# What are you coming to the UK to do?

* work: Work or business
* study: Study

-----

# Next node

* purpose_of_visit is 'work' => outcome_work
* purpose_of_visit is 'study' => outcome_study
