# Youâ€™ll need a visa to come to the UK to visit

