# Where do you want to get married?

Unknown question type!

-----

# Next node

