# Do you live in the UK?

* uk: Yes
* other: No

-----

# Next node

