# Do you want to get married or enter into a PACS?

* marriage: Marriage
* pacs: PACS

-----

# Next node

