# Is your partner of the opposite sex, or the same sex?

* opposite_sex: Opposite sex
* same_sex: Same sex

-----

# Next node

