# Where do you live?

Unknown question type!

-----

# Next node

