# What is your partnerâ€™s nationality?

* partner_british: British
* partner_irish: Irish
* partner_local: %{country_name_partner_residence}
* partner_other: National of another country

-----

# Next node

